{
  "waves_run": 14,
  "outcomes": [
    {
      "status": "WAVE_PASSED",
      "wave_id": "wave-003",
      "quality": {
        "passed": true,
        "wave_id": "wave-003",
        "services_total": 10,
        "false_completion_count": 0,
        "services_with_sources": 10,
        "services_with_verified_claims": 10,
        "source_rate": 1.0,
        "verified_rate": 1.0,
        "hallucinations": 0,
        "citation_failures": 0,
        "regression_failures": [],
        "blocking_reasons": [],
        "service_statuses": {
          "land-mutation-dcr": "PARTIAL",
          "land-mutation-khatian-search": "PARTIAL",
          "land-mutation-review": "PARTIAL",
          "land-mutation-track": "PARTIAL",
          "land-partition-consolidation": "PARTIAL",
          "land-survey-khatian-search": "PARTIAL",
          "local-upazila-land-tax-payment": "PARTIAL",
          "tax-clearance-foreigners": "PARTIAL",
          "tax-etin-registration": "PARTIAL",
          "tax-income-return-file": "PARTIAL"
        }
      },
      "status_counts": {
        "COMPLETE": 0,
        "PARTIAL": 10,
        "DEFERRED": 0,
        "BLOCKED": 0
      },
      "checkpoint": "/workspace/data/research/waves/wave-003.json"
    },
    {
      "status": "WAVE_PASSED",
      "wave_id": "wave-004",
      "quality": {
        "passed": true,
        "wave_id": "wave-004",
        "services_total": 20,
        "false_completion_count": 0,
        "services_with_sources": 20,
        "services_with_verified_claims": 20,
        "source_rate": 1.0,
        "verified_rate": 1.0,
        "hallucinations": 0,
        "citation_failures": 0,
        "regression_failures": [],
        "blocking_reasons": [],
        "service_statuses": {
          "tax-income-tax-return-filing": "PARTIAL",
          "tax-source-tax-deduction-certificate": "PARTIAL",
          "vat-return-filing": "PARTIAL",
          "vat-turnover-enlistment": "PARTIAL",
          "agri-dae-district-extension": "PARTIAL",
          "agri-e-pesticide-prescription": "PARTIAL",
          "agri-farmer-digital-address": "PARTIAL",
          "agri-farmers-window": "PARTIAL",
          "agri-fsmms-farmer-registration": "PARTIAL",
          "agriculture-fisheries-fish-farm-registration": "PARTIAL",
          "agriculture-livestock-farm-registration": "PARTIAL",
          "bida-aftercare-services": "PARTIAL",
          "bida-commercial-office-services": "PARTIAL",
          "bida-invest-bangladesh-oss": "PARTIAL",
          "bida-irms-platform": "PARTIAL",
          "bida-osspid-registration": "PARTIAL",
          "bida-work-permit-security-clearance": "PARTIAL",
          "bpdb-high-tension-connection": "PARTIAL",
          "bpdb-new-connection-general": "PARTIAL",
          "bpdb-online-bill": "PARTIAL"
        }
      },
      "status_counts": {
        "COMPLETE": 0,
        "PARTIAL": 20,
        "DEFERRED": 0,
        "BLOCKED": 0
      },
      "checkpoint": "/workspace/data/research/waves/wave-004.json"
    },
    {
      "status": "WAVE_PASSED",
      "wave_id": "wave-005",
      "quality": {
        "passed": true,
        "wave_id": "wave-005",
        "services_total": 20,
        "false_completion_count": 0,
        "services_with_sources": 20,
        "services_with_verified_claims": 20,
        "source_rate": 1.0,
        "verified_rate": 1.0,
        "hallucinations": 0,
        "citation_failures": 0,
        "regression_failures": [],
        "blocking_reasons": [],
        "service_statuses": {
          "btrc-dnams": "PARTIAL",
          "btrc-lims-license": "PARTIAL",
          "btrc-neir-device-registration": "PARTIAL",
          "btrc-neir-imei-check": "PARTIAL",
          "btrc-nid-sim-check": "PARTIAL",
          "business-company-incorporation": "PARTIAL",
          "business-cooperative-society-registration": "PARTIAL",
          "business-entity-name-search": "PARTIAL",
          "business-foreign-company-registration": "PARTIAL",
          "business-name-clearance": "PARTIAL",
          "business-ngoab-ngo-registration": "PARTIAL",
          "business-partnership-registration": "PARTIAL",
          "business-rjsc-certified-copy": "PARTIAL",
          "business-society-registration": "PARTIAL",
          "business-trade-organization-registration": "PARTIAL",
          "civil-birth-registration-copy": "PARTIAL",
          "civil-birth-registration-duplicate-cancel": "PARTIAL",
          "civil-death-registration-copy": "PARTIAL",
          "civil-death-registration-correction": "PARTIAL",
          "civil-death-registration-duplicate-cancel": "PARTIAL"
        }
      },
      "status_counts": {
        "COMPLETE": 0,
        "PARTIAL": 20,
        "DEFERRED": 0,
        "BLOCKED": 0
      },
      "checkpoint": "/workspace/data/research/waves/wave-005.json"
    },
    {
      "status": "WAVE_PASSED",
      "wave_id": "wave-006",
      "quality": {
        "passed": true,
        "wave_id": "wave-006",
        "services_total": 20,
        "false_completion_count": 0,
        "services_with_sources": 20,
        "services_with_verified_claims": 20,
        "source_rate": 1.0,
        "verified_rate": 1.0,
        "hallucinations": 0,
        "citation_failures": 0,
        "regression_failures": [],
        "blocking_reasons": [],
        "service_statuses": {
          "civil-marriage-certificate-search": "PARTIAL",
          "customs-asycuda-declaration": "PARTIAL",
          "customs-bond-up-application": "PARTIAL",
          "customs-import-export-control-licence": "PARTIAL",
          "dc-citizen-charter-bagerhat": "PARTIAL",
          "dc-citizen-charter-comilla": "PARTIAL",
          "dc-citizen-charter-dhaka": "PARTIAL",
          "dc-citizen-charter-rajshahi": "PARTIAL",
          "dc-district-e-application": "PARTIAL",
          "dc-guardianship-certificate": "PARTIAL",
          "dc-nothi-citizen-application": "PARTIAL",
          "dc-revenue-branch-services": "PARTIAL",
          "desco-demand-note-payment": "PARTIAL",
          "desco-emergency-service": "PARTIAL",
          "desco-load-calculator": "PARTIAL",
          "desco-load-change": "PARTIAL",
          "desco-meter-information-submission": "PARTIAL",
          "desco-new-connection": "PARTIAL",
          "desco-ocsms-registration": "PARTIAL",
          "desco-solar-document-submission": "PARTIAL"
        }
      },
      "status_counts": {
        "COMPLETE": 0,
        "PARTIAL": 20,
        "DEFERRED": 0,
        "BLOCKED": 0
      },
      "checkpoint": "/workspace/data/research/waves/wave-006.json"
    },
    {
      "status": "WAVE_PASSED",
      "wave_id": "wave-007",
      "quality": {
        "passed": true,
        "wave_id": "wave-007",
        "services_total": 30,
        "false_completion_count": 0,
        "services_with_sources": 30,
        "services_with_verified_claims": 30,
        "source_rate": 1.0,
        "verified_rate": 1.0,
        "hallucinations": 0,
        "citation_failures": 0,
        "regression_failures": [],
        "blocking_reasons": [],
        "service_statuses": {
          "digital-centre-assisted-services": "PARTIAL",
          "digital-centre-entrepreneur-registration": "PARTIAL",
          "digital-centre-helpdesk": "PARTIAL",
          "digital-challan-treasury-payment": "PARTIAL",
          "digital-ekpay-government-payment": "PARTIAL",
          "digital-mygov-citizen-registration": "PARTIAL",
          "dm-committee-database": "PARTIAL",
          "dm-disaster-alert-app": "PARTIAL",
          "dm-egpp-plus-mis": "PARTIAL",
          "dm-emergency-operational-dashboard": "PARTIAL",
          "dm-lims-lightning": "PARTIAL",
          "dm-rapid-services-list": "PARTIAL",
          "dm-shelter-information-system": "PARTIAL",
          "dpdc-application-tracking": "PARTIAL",
          "dpdc-net-metering": "PARTIAL",
          "dpdc-new-connection": "PARTIAL",
          "dpdc-online-bill-payment": "PARTIAL",
          "dpdc-online-complaint": "PARTIAL",
          "dpdc-prepaid-recharge": "PARTIAL",
          "education-duplicate-certificate": "PARTIAL",
          "education-foreign-enrollment-permission": "PARTIAL",
          "education-foreign-equivalency": "PARTIAL",
          "education-hsc-certificate": "PARTIAL",
          "education-hsc-transcript": "PARTIAL",
          "education-registration-card-correction": "PARTIAL",
          "education-ssc-certificate": "PARTIAL",
          "education-ssc-hsc-result-verify": "PARTIAL",
          "education-ssc-transcript": "PARTIAL",
          "education-ugc-university-recognition": "PARTIAL",
          "election-candidate-nomination": "PARTIAL"
        }
      },
      "status_counts": {
        "COMPLETE": 0,
        "PARTIAL": 30,
        "DEFERRED": 0,
        "BLOCKED": 0
      },
      "checkpoint": "/workspace/data/research/waves/wave-007.json"
    },
    {
      "status": "WAVE_PASSED",
      "wave_id": "wave-008",
      "quality": {
        "passed": true,
        "wave_id": "wave-008",
        "services_total": 30,
        "false_completion_count": 0,
        "services_with_sources": 30,
        "services_with_verified_claims": 30,
        "source_rate": 1.0,
        "verified_rate": 1.0,
        "hallucinations": 0,
        "citation_failures": 0,
        "regression_failures": [],
        "blocking_reasons": [],
        "service_statuses": {
          "employment-labour-court-adr": "PARTIAL",
          "employment-trade-union-registration": "PARTIAL",
          "env-ecc-certificate-verification": "PARTIAL",
          "env-ecc-entrepreneur-registration": "PARTIAL",
          "env-ecc-online-application": "PARTIAL",
          "environment-forest-clearance": "PARTIAL",
          "expatriate-bmet-training": "PARTIAL",
          "expatriate-emigration-clearance": "PARTIAL",
          "expatriate-recruiting-agent-verify": "PARTIAL",
          "expatriate-worker-registration": "PARTIAL",
          "ff-honorarium-allowance": "PARTIAL",
          "ff-mis-freedom-fighter-list": "PARTIAL",
          "ff-welfare-trust-enrollment": "PARTIAL",
          "fisheries-export-health-certificate": "PARTIAL",
          "fisheries-fioc-user-registration": "PARTIAL",
          "fisheries-import-noc": "PARTIAL",
          "fisheries-import-registration-certificate": "PARTIAL",
          "fisheries-import-release-order": "PARTIAL",
          "fisheries-processing-plant-license": "PARTIAL",
          "food-ministry-vgf-card": "PARTIAL",
          "hajj-call-center": "PARTIAL",
          "hajj-pilgrim-search": "PARTIAL",
          "hajj-pre-registration": "PARTIAL",
          "housing-bhbfc-loan-application": "PARTIAL",
          "housing-cda-building-permit": "PARTIAL",
          "housing-nha-allotment-application": "PARTIAL",
          "housing-nha-citizen-charter": "PARTIAL",
          "housing-nha-projects": "PARTIAL",
          "housing-rajuk-construction-permit": "PARTIAL",
          "housing-rajuk-large-special-project": "PARTIAL"
        }
      },
      "status_counts": {
        "COMPLETE": 0,
        "PARTIAL": 30,
        "DEFERRED": 0,
        "BLOCKED": 0
      },
      "checkpoint": "/workspace/data/research/waves/wave-008.json"
    },
    {
      "status": "WAVE_PASSED",
      "wave_id": "wave-009",
      "quality": {
        "passed": true,
        "wave_id": "wave-009",
        "services_total": 30,
        "false_completion_count": 0,
        "services_with_sources": 30,
        "services_with_verified_claims": 30,
        "source_rate": 1.0,
        "verified_rate": 1.0,
        "hallucinations": 0,
        "citation_failures": 0,
        "regression_failures": [],
        "blocking_reasons": [],
        "service_statuses": {
          "housing-rajuk-occupancy-certificate": "PARTIAL",
          "housing-rajuk-planning-permit": "PARTIAL",
          "housing-rajuk-professional-registration": "PARTIAL",
          "identity-voter-slip-download": "PARTIAL",
          "judiciary-supreme-court-certified-copy": "PARTIAL",
          "judiciary-supreme-court-e-filing": "PARTIAL",
          "judiciary-virtual-court-services": "PARTIAL",
          "legal-aid-district-helpline-16430": "PARTIAL",
          "legal-aid-government-service": "PARTIAL",
          "legal-aid-helpline-16699": "PARTIAL",
          "legal-aid-online-application": "PARTIAL",
          "legal-aid-panel-lawyer-list": "PARTIAL",
          "licence-trade-local-government": "PARTIAL",
          "local-certificate-verify": "PARTIAL",
          "local-death-certificate-union": "PARTIAL",
          "local-holding-tax-payment": "PARTIAL",
          "local-marital-status-certificate": "PARTIAL",
          "local-nationality-certificate": "PARTIAL",
          "local-noc-certificate": "PARTIAL",
          "local-passport-attestation": "PARTIAL",
          "local-unno-digital-upazila-services": "PARTIAL",
          "local-voter-transfer-attestation": "PARTIAL",
          "migration-e-apostille": "PARTIAL",
          "mofa-csat": "PARTIAL",
          "mofa-document-attestation": "PARTIAL",
          "mofa-education-attestation-chain": "PARTIAL",
          "mofa-nv-loi-application": "PARTIAL",
          "nid-card-info-correction": "PARTIAL",
          "nid-claim-account": "PARTIAL",
          "nid-combined-correction": "PARTIAL"
        }
      },
      "status_counts": {
        "COMPLETE": 0,
        "PARTIAL": 30,
        "DEFERRED": 0,
        "BLOCKED": 0
      },
      "checkpoint": "/workspace/data/research/waves/wave-009.json"
    },
    {
      "status": "WAVE_PASSED",
      "wave_id": "wave-010",
      "quality": {
        "passed": true,
        "wave_id": "wave-010",
        "services_total": 30,
        "false_completion_count": 0,
        "services_with_sources": 30,
        "services_with_verified_claims": 30,
        "source_rate": 1.0,
        "verified_rate": 1.0,
        "hallucinations": 0,
        "citation_failures": 0,
        "regression_failures": [],
        "blocking_reasons": [],
        "service_statuses": {
          "nid-download-copy": "PARTIAL",
          "nid-expatriate-registration": "PARTIAL",
          "nid-new-voter-registration": "PARTIAL",
          "nid-online-account-registration": "PARTIAL",
          "nid-other-info-correction": "PARTIAL",
          "nid-photo-signature-appointment": "PARTIAL",
          "nid-reissue-lost": "PARTIAL",
          "nid-voter-area-change": "PARTIAL",
          "permits-fire-e-license": "PARTIAL",
          "permits-fire-noc-enoc": "PARTIAL",
          "permits-fire-safety-firm-registration": "PARTIAL",
          "permits-forest-timber-transit": "PARTIAL",
          "post-cash-card": "PARTIAL",
          "post-domestic-mail": "PARTIAL",
          "post-ems": "PARTIAL",
          "post-emts": "PARTIAL",
          "post-gep": "PARTIAL",
          "post-international-mail": "PARTIAL",
          "post-life-insurance": "PARTIAL",
          "post-mail-tracking": "PARTIAL",
          "post-money-order": "PARTIAL",
          "post-postage-calculator": "PARTIAL",
          "post-savings-bank": "PARTIAL",
          "post-savings-certificate": "PARTIAL",
          "post-speed-post": "PARTIAL",
          "professional-bar-council-enrolment": "PARTIAL",
          "professional-bmdc-doctor-registration": "PARTIAL",
          "professional-engineer-registration": "PARTIAL",
          "professional-nursing-council-registration": "PARTIAL",
          "professional-pharmacy-council-registration": "PARTIAL"
        }
      },
      "status_counts": {
        "COMPLETE": 0,
        "PARTIAL": 30,
        "DEFERRED": 0,
        "BLOCKED": 0
      },
      "checkpoint": "/workspace/data/research/waves/wave-010.json"
    },
    {
      "status": "WAVE_PASSED",
      "wave_id": "wave-011",
      "quality": {
        "passed": true,
        "wave_id": "wave-011",
        "services_total": 30,
        "false_completion_count": 0,
        "services_with_sources": 30,
        "services_with_verified_claims": 30,
        "source_rate": 1.0,
        "verified_rate": 1.0,
        "hallucinations": 0,
        "citation_failures": 0,
        "regression_failures": [],
        "blocking_reasons": [],
        "service_statuses": {
          "railway-helpline-131": "PARTIAL",
          "railway-online-ticket": "PARTIAL",
          "railway-rail-sheba-app": "PARTIAL",
          "snp-adaptation-to-climate-change-and-rehabilitation-of-livelihood": "PARTIAL",
          "snp-agriculture-infrastructure-improvement": "PARTIAL",
          "snp-agriculture-rehabilitation": "PARTIAL",
          "snp-allowances-for-distressed-cultural-personalities-activists": "PARTIAL",
          "snp-allowances-for-the-financially-insolvent-disabled": "PARTIAL",
          "snp-allowances-for-the-widow-deserted-and-destitute-women": "PARTIAL",
          "snp-allowances-for-urban-low-income-lactating-mothers": "PARTIAL",
          "snp-ashroyan-2-project": "PARTIAL",
          "snp-assistance-for-cancer-kidney-and-liver-cirrhosis-patients": "PARTIAL",
          "snp-bangladesh-climate-resilient-participatory-afforestation-and-reforestation": "PARTIAL",
          "snp-bangladesh-rural-water-supply-and-sanitation": "PARTIAL",
          "snp-block-allocation-for-disaster-management": "PARTIAL",
          "snp-block-allocation-for-various-programme": "PARTIAL",
          "snp-capitation-grants-for-orphan-students-in-non-gov-orphanages": "PARTIAL",
          "snp-char-development-and-settlement": "PARTIAL",
          "snp-char-livelihood-program": "PARTIAL",
          "snp-child-development-center": "PARTIAL",
          "snp-child-sensitive-social-protection-in-bangladesh": "PARTIAL",
          "snp-clinical-contraception-services-delivery": "PARTIAL",
          "snp-coastal-climate-resilient-infrastructure-improvement": "PARTIAL",
          "snp-community-based-health-care": "PARTIAL",
          "snp-comprehensive-disaster-management-programme": "PARTIAL",
          "snp-comprehensive-village-development-programme": "PARTIAL",
          "snp-conservancy-workers-colony": "PARTIAL",
          "snp-construction-of-hostel-for-govt-orphanage": "PARTIAL",
          "snp-construction-of-residence-for-landless-poor-freedom-fighters": "PARTIAL",
          "snp-day-care-program-for-lower-and-middle-income-working-women": "PARTIAL"
        }
      },
      "status_counts": {
        "COMPLETE": 0,
        "PARTIAL": 30,
        "DEFERRED": 0,
        "BLOCKED": 0
      },
      "checkpoint": "/workspace/data/research/waves/wave-011.json"
    },
    {
      "status": "WAVE_PASSED",
      "wave_id": "wave-012",
      "quality": {
        "passed": true,
        "wave_id": "wave-012",
        "services_total": 30,
        "false_completion_count": 0,
        "services_with_sources": 30,
        "services_with_verified_claims": 30,
        "source_rate": 1.0,
        "verified_rate": 1.0,
        "hallucinations": 0,
        "citation_failures": 0,
        "regression_failures": [],
        "blocking_reasons": [],
        "service_statuses": {
          "snp-disaster-and-climate-resilient": "PARTIAL",
          "snp-early-learning-for-child-development": "PARTIAL",
          "snp-economic-empowerment-of-the-poorest-in-bangladesh": "PARTIAL",
          "snp-emergency-2007-cyclone-recovery-and-restoration": "PARTIAL",
          "snp-employment-generation-programme-for-the-poor": "PARTIAL",
          "snp-employment-of-ultra-poor-for-northern-areas": "PARTIAL",
          "snp-employment-opportunities-for-unemployed-youth-in-7-northern-district": "PARTIAL",
          "snp-enabling-environment-for-child-right": "PARTIAL",
          "snp-essential-services-delivery": "PARTIAL",
          "snp-establishment-of-autistic-academy-in-bangladesh": "PARTIAL",
          "snp-establishment-of-hostel-for-the-visually-impaired-children-37-unit": "PARTIAL",
          "snp-expansion-of-polli-daridro-bimochon-foundation-for-poverty-alleviation-and-self-employment": "PARTIAL",
          "snp-family-planning-field-services-delivery": "PARTIAL",
          "snp-fishermen-id-card-and-fisheries-project": "PARTIAL",
          "snp-food-assistance-in-ctg-hill-tracts-area": "PARTIAL",
          "snp-food-for-work-ffw": "PARTIAL",
          "snp-food-security-through-enhanced-agricultural-production-income-value-addition-and-marketing-in-bangladesh": "PARTIAL",
          "snp-fund-for-assistance-to-the-small-farmer-and-poultry-farms": "PARTIAL",
          "snp-fund-for-climate-change": "PARTIAL",
          "snp-fund-for-micro-credit-through-pksf": "PARTIAL",
          "snp-fund-for-the-welfare-of-burnt-and-disabled": "PARTIAL",
          "snp-general-relief-activities": "PARTIAL",
          "snp-generation-breakthrough": "PARTIAL",
          "snp-grants-for-residents-in-government-orphanages-and-other-institutions": "PARTIAL",
          "snp-grants-for-the-schools-for-the-disabled": "PARTIAL",
          "snp-gratuitous-relief-gr": "PARTIAL",
          "snp-gucchagram-climate-victims-rehabilitation": "PARTIAL",
          "snp-haor-infrastructure-and-livelihood-development": "PARTIAL",
          "snp-health-economic-financing-and-gnsp": "PARTIAL",
          "snp-higher-secondary-stipend": "PARTIAL"
        }
      },
      "status_counts": {
        "COMPLETE": 0,
        "PARTIAL": 30,
        "DEFERRED": 0,
        "BLOCKED": 0
      },
      "checkpoint": "/workspace/data/research/waves/wave-012.json"
    },
    {
      "status": "WAVE_PASSED",
      "wave_id": "wave-013",
      "quality": {
        "passed": true,
        "wave_id": "wave-013",
        "services_total": 30,
        "false_completion_count": 0,
        "services_with_sources": 30,
        "services_with_verified_claims": 30,
        "source_rate": 1.0,
        "verified_rate": 1.0,
        "hallucinations": 0,
        "citation_failures": 0,
        "regression_failures": [],
        "blocking_reasons": [],
        "service_statuses": {
          "snp-honorarium-for-freedom-fighters": "PARTIAL",
          "snp-honorarium-medical-allowances-for-injured-freedom-fighters": "PARTIAL",
          "snp-housing-support": "PARTIAL",
          "snp-improving-working-condition-in-the-ready-made-garments-sector": "PARTIAL",
          "snp-income-support-program-for-the-poorest": "PARTIAL",
          "snp-initiative-for-development-empowerment-awareness-livelihood-kurigram": "PARTIAL",
          "snp-institute-of-pediatric-neuro-disorder": "PARTIAL",
          "snp-integrated-fisheries-livestock-development-in-flood-controlled-areas-water-bodies": "PARTIAL",
          "snp-integrated-rural-employment-support-project-for-the-poor-women": "PARTIAL",
          "snp-integrated-support-to-poverty-and-inequality-reduction-through-enterprise-development": "PARTIAL",
          "snp-investment-component-for-vulnerable-group-development": "PARTIAL",
          "snp-joyeeta-foundation": "PARTIAL",
          "snp-lump-provision-for-development-of-special-areas-except-hill-tracts": "PARTIAL",
          "snp-maternal-child-reproductive-and-adolescent-health": "PARTIAL",
          "snp-maternal-neo-natal-child-and-adolescent-health": "PARTIAL",
          "snp-maternity-allowance-programme-for-the-poor": "PARTIAL",
          "snp-micro-credit-for-women-self-employment": "PARTIAL",
          "snp-mujibnagar-integrated-agricultural-development": "PARTIAL",
          "snp-multipurpose-disaster-shelter-construction": "PARTIAL",
          "snp-national-legal-aid-services": "PARTIAL",
          "snp-national-nutrition-services": "PARTIAL",
          "snp-national-service": "PARTIAL",
          "snp-non-bengali-rehabilitation": "PARTIAL",
          "snp-northern-area-reduction-of-poverty": "PARTIAL",
          "snp-old-age-allowance": "PARTIAL",
          "snp-one-house-one-farm": "PARTIAL",
          "snp-open-market-sales-oms": "PARTIAL",
          "snp-participatory-small-scale-water-resource-development": "PARTIAL",
          "snp-pension-for-retired-government-employees-and-their-families": "PARTIAL",
          "snp-poverty-reduction-livelihood-security-for-the-people-of-economically-backward-area": "PARTIAL"
        }
      },
      "status_counts": {
        "COMPLETE": 0,
        "PARTIAL": 30,
        "DEFERRED": 0,
        "BLOCKED": 0
      },
      "checkpoint": "/workspace/data/research/waves/wave-013.json"
    },
    {
      "status": "WAVE_PASSED",
      "wave_id": "wave-014",
      "quality": {
        "passed": true,
        "wave_id": "wave-014",
        "services_total": 30,
        "false_completion_count": 0,
        "services_with_sources": 30,
        "services_with_verified_claims": 30,
        "source_rate": 1.0,
        "verified_rate": 1.0,
        "hallucinations": 0,
        "citation_failures": 0,
        "regression_failures": [],
        "blocking_reasons": [],
        "service_statuses": {
          "snp-poverty-reduction-through-inclusive-and-sustainable-markets": "PARTIAL",
          "snp-poverty-reduction-through-urban-partnership": "PARTIAL",
          "snp-primary-school-stipend": "PARTIAL",
          "snp-pro-poor-slum-integration": "PARTIAL",
          "snp-programme-for-improving-the-livelihood-of-harijan-dalit-bade-community": "PARTIAL",
          "snp-programme-for-improving-the-livelihood-of-trans-gender-hijra": "PARTIAL",
          "snp-programme-for-livelihood-improvement-of-tea-garden-labourers": "PARTIAL",
          "snp-promotion-of-services-opportunity-to-the-disabled-person-in-bangladesh": "PARTIAL",
          "snp-ration-for-shaheed-family-and-injured-freedom-fighters": "PARTIAL",
          "snp-reaching-out-of-school": "PARTIAL",
          "snp-regional-duck-breeding-and-hatchery": "PARTIAL",
          "snp-rehabilitation-and-creation-of-alternative-employment-for-beggars-profession": "PARTIAL",
          "snp-rehabilitation-of-aila-affected-infrastructure": "PARTIAL",
          "snp-rural-development-of-greater-comilla": "PARTIAL",
          "snp-rural-employment-and-road-maintenance-program": "PARTIAL",
          "snp-rural-infrastructure-development": "PARTIAL",
          "snp-rural-livelihood-2nd-phase": "PARTIAL",
          "snp-rural-settlement-construction-for-improvement-of-rural-livelihood": "PARTIAL",
          "snp-rural-water-supply": "PARTIAL",
          "snp-second-chittagong-hill-tracts-rural-development": "PARTIAL",
          "snp-secondary-education-quality-and-access-enhancement-project-seqaep": "PARTIAL",
          "snp-secondary-education-sector-investment-program": "PARTIAL",
          "snp-secondary-education-stipend": "PARTIAL",
          "snp-service-and-assistance-center-for-disabled": "PARTIAL",
          "snp-services-for-children-at-risk": "PARTIAL",
          "snp-shamaj-kallyan-parishad": "PARTIAL",
          "snp-skill-and-employment-programme-in-bangladesh": "PARTIAL",
          "snp-skill-and-training-enhancement-project": "PARTIAL",
          "snp-skills-for-employment-and-productivity": "PARTIAL",
          "snp-skills-for-employment-investment-programme": "PARTIAL"
        }
      },
      "status_counts": {
        "COMPLETE": 0,
        "PARTIAL": 30,
        "DEFERRED": 0,
        "BLOCKED": 0
      },
      "checkpoint": "/workspace/data/research/waves/wave-014.json"
    },
    {
      "status": "WAVE_PASSED",
      "wave_id": "wave-015",
      "quality": {
        "passed": true,
        "wave_id": "wave-015",
        "services_total": 30,
        "false_completion_count": 0,
        "services_with_sources": 30,
        "services_with_verified_claims": 30,
        "source_rate": 1.0,
        "verified_rate": 1.0,
        "hallucinations": 0,
        "citation_failures": 0,
        "regression_failures": [],
        "blocking_reasons": [],
        "service_statuses": {
          "snp-social-development-foundation": "PARTIAL",
          "snp-social-security-policy-support-ssps-programme": "PARTIAL",
          "snp-stipend-for-disabled-students": "PARTIAL",
          "snp-stipend-for-female-students-at-bachelor-level": "PARTIAL",
          "snp-street-children-rehabilitation-programme": "PARTIAL",
          "snp-strengthening-public-financial-management-for-social-protection": "PARTIAL",
          "snp-strengthening-women-s-ability-for-productive-new-opportunities-swapno": "PARTIAL",
          "snp-support-to-the-urban-health-and-nutrition-to-bangladesh": "PARTIAL",
          "snp-swanirvar-training-programme": "PARTIAL",
          "snp-t-b-leprosy-communicable-non-communicable-disease": "PARTIAL",
          "snp-test-relief-tr-cash": "PARTIAL",
          "snp-test-relief-tr-food": "PARTIAL",
          "snp-trust-for-the-protection-of-the-persons-with-neurodevelopmental-disabilities": "PARTIAL",
          "snp-universal-pension-insurance-scheme": "PARTIAL",
          "snp-urban-based-marginal-women-development": "PARTIAL",
          "snp-urban-primary-health-care": "PARTIAL",
          "snp-urban-public-environmental-health-care": "PARTIAL",
          "snp-urban-resilience-project-dncc-ddm": "PARTIAL",
          "snp-vulnerable-group-development-vgd": "PARTIAL",
          "snp-welfare-trust-for-physical-disabilities": "PARTIAL",
          "snp-women-s-skill-based-training-for-livelihood": "PARTIAL",
          "snp-work-for-money-wfm": "PARTIAL",
          "social-allowance-online-application": "PARTIAL",
          "tax-challan-payment": "PARTIAL",
          "titas-domestic-gas-connection": "PARTIAL",
          "titas-industry-gas-connection": "PARTIAL",
          "trade-bsti-standard-certification": "PARTIAL",
          "trade-dpd-patent-registration": "PARTIAL",
          "trade-dpd-trademark-registration": "PARTIAL",
          "trade-erc-registration": "PARTIAL"
        }
      },
      "status_counts": {
        "COMPLETE": 0,
        "PARTIAL": 30,
        "DEFERRED": 0,
        "BLOCKED": 0
      },
      "checkpoint": "/workspace/data/research/waves/wave-015.json"
    },
    {
      "status": "WAVE_PASSED",
      "wave_id": "wave-016",
      "quality": {
        "passed": true,
        "wave_id": "wave-016",
        "services_total": 19,
        "false_completion_count": 0,
        "services_with_sources": 19,
        "services_with_verified_claims": 19,
        "source_rate": 1.0,
        "verified_rate": 1.0,
        "hallucinations": 0,
        "citation_failures": 0,
        "regression_failures": [],
        "blocking_reasons": [],
        "service_statuses": {
          "trade-irc-erc-renewal": "PARTIAL",
          "trade-irc-registration": "PARTIAL",
          "wasa-application-tracking": "PARTIAL",
          "wasa-connection-enlargement": "PARTIAL",
          "wasa-line-shifting": "PARTIAL",
          "wasa-new-water-connection": "PARTIAL",
          "wasa-second-connection": "PARTIAL",
          "wasa-sewerage-connection": "PARTIAL",
          "wasa-temporary-connection": "PARTIAL",
          "women-assistance-programme": "PARTIAL",
          "women-child-daycare-benefit": "PARTIAL",
          "women-child-helpline-1098": "PARTIAL",
          "women-distressed-fund": "PARTIAL",
          "women-hostel-benefit": "PARTIAL",
          "women-hotline-109": "PARTIAL",
          "women-lactating-mothers-allowance": "PARTIAL",
          "women-ngo-registration": "PARTIAL",
          "women-one-stop-crisis-centre": "PARTIAL",
          "women-violence-prevention-cell": "PARTIAL"
        }
      },
      "status_counts": {
        "COMPLETE": 0,
        "PARTIAL": 19,
        "DEFERRED": 0,
        "BLOCKED": 0
      },
      "checkpoint": "/workspace/data/research/waves/wave-016.json"
    }
  ],
  "final_state": {
    "current_wave": 16,
    "wave_size": 30,
    "consecutive_successful_waves": 10,
    "processed_service_ids": [
      "health-blood-bank-license",
      "health-bmdc-additional-qualification",
      "health-bmdc-eligibility-certificate",
      "health-bmdc-full-registration",
      "health-bmdc-registration-verify",
      "health-diagnostic-center-license",
      "health-facility-registry",
      "health-good-standing-certificate",
      "health-hospital-birth-notification",
      "health-immunization-card-mcv",
      "health-medical-assistant-registration",
      "health-private-clinic-license",
      "health-private-hospital-license",
      "land-dlrms-application-track",
      "land-khatian-certified-copy",
      "land-khatian-correction",
      "land-khatian-online-copy",
      "land-mortgage-info-search",
      "land-mouza-map",
      "land-mutation-apply",
      "land-mutation-dcr",
      "land-mutation-khatian-search",
      "land-mutation-review",
      "land-mutation-track",
      "land-partition-consolidation",
      "land-survey-khatian-search",
      "local-upazila-land-tax-payment",
      "tax-clearance-foreigners",
      "tax-etin-registration",
      "tax-income-return-file",
      "tax-income-tax-return-filing",
      "tax-source-tax-deduction-certificate",
      "vat-return-filing",
      "vat-turnover-enlistment",
      "agri-dae-district-extension",
      "agri-e-pesticide-prescription",
      "agri-farmer-digital-address",
      "agri-farmers-window",
      "agri-fsmms-farmer-registration",
      "agriculture-fisheries-fish-farm-registration",
      "agriculture-livestock-farm-registration",
      "bida-aftercare-services",
      "bida-commercial-office-services",
      "bida-invest-bangladesh-oss",
      "bida-irms-platform",
      "bida-osspid-registration",
      "bida-work-permit-security-clearance",
      "bpdb-high-tension-connection",
      "bpdb-new-connection-general",
      "bpdb-online-bill",
      "btrc-dnams",
      "btrc-lims-license",
      "btrc-neir-device-registration",
      "btrc-neir-imei-check",
      "btrc-nid-sim-check",
      "business-company-incorporation",
      "business-cooperative-society-registration",
      "business-entity-name-search",
      "business-foreign-company-registration",
      "business-name-clearance",
      "business-ngoab-ngo-registration",
      "business-partnership-registration",
      "business-rjsc-certified-copy",
      "business-society-registration",
      "business-trade-organization-registration",
      "civil-birth-registration-copy",
      "civil-birth-registration-duplicate-cancel",
      "civil-death-registration-copy",
      "civil-death-registration-correction",
      "civil-death-registration-duplicate-cancel",
      "civil-marriage-certificate-search",
      "customs-asycuda-declaration",
      "customs-bond-up-application",
      "customs-import-export-control-licence",
      "dc-citizen-charter-bagerhat",
      "dc-citizen-charter-comilla",
      "dc-citizen-charter-dhaka",
      "dc-citizen-charter-rajshahi",
      "dc-district-e-application",
      "dc-guardianship-certificate",
      "dc-nothi-citizen-application",
      "dc-revenue-branch-services",
      "desco-demand-note-payment",
      "desco-emergency-service",
      "desco-load-calculator",
      "desco-load-change",
      "desco-meter-information-submission",
      "desco-new-connection",
      "desco-ocsms-registration",
      "desco-solar-document-submission",
      "digital-centre-assisted-services",
      "digital-centre-entrepreneur-registration",
      "digital-centre-helpdesk",
      "digital-challan-treasury-payment",
      "digital-ekpay-government-payment",
      "digital-mygov-citizen-registration",
      "dm-committee-database",
      "dm-disaster-alert-app",
      "dm-egpp-plus-mis",
      "dm-emergency-operational-dashboard",
      "dm-lims-lightning",
      "dm-rapid-services-list",
      "dm-shelter-information-system",
      "dpdc-application-tracking",
      "dpdc-net-metering",
      "dpdc-new-connection",
      "dpdc-online-bill-payment",
      "dpdc-online-complaint",
      "dpdc-prepaid-recharge",
      "education-duplicate-certificate",
      "education-foreign-enrollment-permission",
      "education-foreign-equivalency",
      "education-hsc-certificate",
      "education-hsc-transcript",
      "education-registration-card-correction",
      "education-ssc-certificate",
      "education-ssc-hsc-result-verify",
      "education-ssc-transcript",
      "education-ugc-university-recognition",
      "election-candidate-nomination",
      "employment-labour-court-adr",
      "employment-trade-union-registration",
      "env-ecc-certificate-verification",
      "env-ecc-entrepreneur-registration",
      "env-ecc-online-application",
      "environment-forest-clearance",
      "expatriate-bmet-training",
      "expatriate-emigration-clearance",
      "expatriate-recruiting-agent-verify",
      "expatriate-worker-registration",
      "ff-honorarium-allowance",
      "ff-mis-freedom-fighter-list",
      "ff-welfare-trust-enrollment",
      "fisheries-export-health-certificate",
      "fisheries-fioc-user-registration",
      "fisheries-import-noc",
      "fisheries-import-registration-certificate",
      "fisheries-import-release-order",
      "fisheries-processing-plant-license",
      "food-ministry-vgf-card",
      "hajj-call-center",
      "hajj-pilgrim-search",
      "hajj-pre-registration",
      "housing-bhbfc-loan-application",
      "housing-cda-building-permit",
      "housing-nha-allotment-application",
      "housing-nha-citizen-charter",
      "housing-nha-projects",
      "housing-rajuk-construction-permit",
      "housing-rajuk-large-special-project",
      "housing-rajuk-occupancy-certificate",
      "housing-rajuk-planning-permit",
      "housing-rajuk-professional-registration",
      "identity-voter-slip-download",
      "judiciary-supreme-court-certified-copy",
      "judiciary-supreme-court-e-filing",
      "judiciary-virtual-court-services",
      "legal-aid-district-helpline-16430",
      "legal-aid-government-service",
      "legal-aid-helpline-16699",
      "legal-aid-online-application",
      "legal-aid-panel-lawyer-list",
      "licence-trade-local-government",
      "local-certificate-verify",
      "local-death-certificate-union",
      "local-holding-tax-payment",
      "local-marital-status-certificate",
      "local-nationality-certificate",
      "local-noc-certificate",
      "local-passport-attestation",
      "local-unno-digital-upazila-services",
      "local-voter-transfer-attestation",
      "migration-e-apostille",
      "mofa-csat",
      "mofa-document-attestation",
      "mofa-education-attestation-chain",
      "mofa-nv-loi-application",
      "nid-card-info-correction",
      "nid-claim-account",
      "nid-combined-correction",
      "nid-download-copy",
      "nid-expatriate-registration",
      "nid-new-voter-registration",
      "nid-online-account-registration",
      "nid-other-info-correction",
      "nid-photo-signature-appointment",
      "nid-reissue-lost",
      "nid-voter-area-change",
      "permits-fire-e-license",
      "permits-fire-noc-enoc",
      "permits-fire-safety-firm-registration",
      "permits-forest-timber-transit",
      "post-cash-card",
      "post-domestic-mail",
      "post-ems",
      "post-emts",
      "post-gep",
      "post-international-mail",
      "post-life-insurance",
      "post-mail-tracking",
      "post-money-order",
      "post-postage-calculator",
      "post-savings-bank",
      "post-savings-certificate",
      "post-speed-post",
      "professional-bar-council-enrolment",
      "professional-bmdc-doctor-registration",
      "professional-engineer-registration",
      "professional-nursing-council-registration",
      "professional-pharmacy-council-registration",
      "railway-helpline-131",
      "railway-online-ticket",
      "railway-rail-sheba-app",
      "snp-adaptation-to-climate-change-and-rehabilitation-of-livelihood",
      "snp-agriculture-infrastructure-improvement",
      "snp-agriculture-rehabilitation",
      "snp-allowances-for-distressed-cultural-personalities-activists",
      "snp-allowances-for-the-financially-insolvent-disabled",
      "snp-allowances-for-the-widow-deserted-and-destitute-women",
      "snp-allowances-for-urban-low-income-lactating-mothers",
      "snp-ashroyan-2-project",
      "snp-assistance-for-cancer-kidney-and-liver-cirrhosis-patients",
      "snp-bangladesh-climate-resilient-participatory-afforestation-and-reforestation",
      "snp-bangladesh-rural-water-supply-and-sanitation",
      "snp-block-allocation-for-disaster-management",
      "snp-block-allocation-for-various-programme",
      "snp-capitation-grants-for-orphan-students-in-non-gov-orphanages",
      "snp-char-development-and-settlement",
      "snp-char-livelihood-program",
      "snp-child-development-center",
      "snp-child-sensitive-social-protection-in-bangladesh",
      "snp-clinical-contraception-services-delivery",
      "snp-coastal-climate-resilient-infrastructure-improvement",
      "snp-community-based-health-care",
      "snp-comprehensive-disaster-management-programme",
      "snp-comprehensive-village-development-programme",
      "snp-conservancy-workers-colony",
      "snp-construction-of-hostel-for-govt-orphanage",
      "snp-construction-of-residence-for-landless-poor-freedom-fighters",
      "snp-day-care-program-for-lower-and-middle-income-working-women",
      "snp-disaster-and-climate-resilient",
      "snp-early-learning-for-child-development",
      "snp-economic-empowerment-of-the-poorest-in-bangladesh",
      "snp-emergency-2007-cyclone-recovery-and-restoration",
      "snp-employment-generation-programme-for-the-poor",
      "snp-employment-of-ultra-poor-for-northern-areas",
      "snp-employment-opportunities-for-unemployed-youth-in-7-northern-district",
      "snp-enabling-environment-for-child-right",
      "snp-essential-services-delivery",
      "snp-establishment-of-autistic-academy-in-bangladesh",
      "snp-establishment-of-hostel-for-the-visually-impaired-children-37-unit",
      "snp-expansion-of-polli-daridro-bimochon-foundation-for-poverty-alleviation-and-self-employment",
      "snp-family-planning-field-services-delivery",
      "snp-fishermen-id-card-and-fisheries-project",
      "snp-food-assistance-in-ctg-hill-tracts-area",
      "snp-food-for-work-ffw",
      "snp-food-security-through-enhanced-agricultural-production-income-value-addition-and-marketing-in-bangladesh",
      "snp-fund-for-assistance-to-the-small-farmer-and-poultry-farms",
      "snp-fund-for-climate-change",
      "snp-fund-for-micro-credit-through-pksf",
      "snp-fund-for-the-welfare-of-burnt-and-disabled",
      "snp-general-relief-activities",
      "snp-generation-breakthrough",
      "snp-grants-for-residents-in-government-orphanages-and-other-institutions",
      "snp-grants-for-the-schools-for-the-disabled",
      "snp-gratuitous-relief-gr",
      "snp-gucchagram-climate-victims-rehabilitation",
      "snp-haor-infrastructure-and-livelihood-development",
      "snp-health-economic-financing-and-gnsp",
      "snp-higher-secondary-stipend",
      "snp-honorarium-for-freedom-fighters",
      "snp-honorarium-medical-allowances-for-injured-freedom-fighters",
      "snp-housing-support",
      "snp-improving-working-condition-in-the-ready-made-garments-sector",
      "snp-income-support-program-for-the-poorest",
      "snp-initiative-for-development-empowerment-awareness-livelihood-kurigram",
      "snp-institute-of-pediatric-neuro-disorder",
      "snp-integrated-fisheries-livestock-development-in-flood-controlled-areas-water-bodies",
      "snp-integrated-rural-employment-support-project-for-the-poor-women",
      "snp-integrated-support-to-poverty-and-inequality-reduction-through-enterprise-development",
      "snp-investment-component-for-vulnerable-group-development",
      "snp-joyeeta-foundation",
      "snp-lump-provision-for-development-of-special-areas-except-hill-tracts",
      "snp-maternal-child-reproductive-and-adolescent-health",
      "snp-maternal-neo-natal-child-and-adolescent-health",
      "snp-maternity-allowance-programme-for-the-poor",
      "snp-micro-credit-for-women-self-employment",
      "snp-mujibnagar-integrated-agricultural-development",
      "snp-multipurpose-disaster-shelter-construction",
      "snp-national-legal-aid-services",
      "snp-national-nutrition-services",
      "snp-national-service",
      "snp-non-bengali-rehabilitation",
      "snp-northern-area-reduction-of-poverty",
      "snp-old-age-allowance",
      "snp-one-house-one-farm",
      "snp-open-market-sales-oms",
      "snp-participatory-small-scale-water-resource-development",
      "snp-pension-for-retired-government-employees-and-their-families",
      "snp-poverty-reduction-livelihood-security-for-the-people-of-economically-backward-area",
      "snp-poverty-reduction-through-inclusive-and-sustainable-markets",
      "snp-poverty-reduction-through-urban-partnership",
      "snp-primary-school-stipend",
      "snp-pro-poor-slum-integration",
      "snp-programme-for-improving-the-livelihood-of-harijan-dalit-bade-community",
      "snp-programme-for-improving-the-livelihood-of-trans-gender-hijra",
      "snp-programme-for-livelihood-improvement-of-tea-garden-labourers",
      "snp-promotion-of-services-opportunity-to-the-disabled-person-in-bangladesh",
      "snp-ration-for-shaheed-family-and-injured-freedom-fighters",
      "snp-reaching-out-of-school",
      "snp-regional-duck-breeding-and-hatchery",
      "snp-rehabilitation-and-creation-of-alternative-employment-for-beggars-profession",
      "snp-rehabilitation-of-aila-affected-infrastructure",
      "snp-rural-development-of-greater-comilla",
      "snp-rural-employment-and-road-maintenance-program",
      "snp-rural-infrastructure-development",
      "snp-rural-livelihood-2nd-phase",
      "snp-rural-settlement-construction-for-improvement-of-rural-livelihood",
      "snp-rural-water-supply",
      "snp-second-chittagong-hill-tracts-rural-development",
      "snp-secondary-education-quality-and-access-enhancement-project-seqaep",
      "snp-secondary-education-sector-investment-program",
      "snp-secondary-education-stipend",
      "snp-service-and-assistance-center-for-disabled",
      "snp-services-for-children-at-risk",
      "snp-shamaj-kallyan-parishad",
      "snp-skill-and-employment-programme-in-bangladesh",
      "snp-skill-and-training-enhancement-project",
      "snp-skills-for-employment-and-productivity",
      "snp-skills-for-employment-investment-programme",
      "snp-social-development-foundation",
      "snp-social-security-policy-support-ssps-programme",
      "snp-stipend-for-disabled-students",
      "snp-stipend-for-female-students-at-bachelor-level",
      "snp-street-children-rehabilitation-programme",
      "snp-strengthening-public-financial-management-for-social-protection",
      "snp-strengthening-women-s-ability-for-productive-new-opportunities-swapno",
      "snp-support-to-the-urban-health-and-nutrition-to-bangladesh",
      "snp-swanirvar-training-programme",
      "snp-t-b-leprosy-communicable-non-communicable-disease",
      "snp-test-relief-tr-cash",
      "snp-test-relief-tr-food",
      "snp-trust-for-the-protection-of-the-persons-with-neurodevelopmental-disabilities",
      "snp-universal-pension-insurance-scheme",
      "snp-urban-based-marginal-women-development",
      "snp-urban-primary-health-care",
      "snp-urban-public-environmental-health-care",
      "snp-urban-resilience-project-dncc-ddm",
      "snp-vulnerable-group-development-vgd",
      "snp-welfare-trust-for-physical-disabilities",
      "snp-women-s-skill-based-training-for-livelihood",
      "snp-work-for-money-wfm",
      "social-allowance-online-application",
      "tax-challan-payment",
      "titas-domestic-gas-connection",
      "titas-industry-gas-connection",
      "trade-bsti-standard-certification",
      "trade-dpd-patent-registration",
      "trade-dpd-trademark-registration",
      "trade-erc-registration",
      "trade-irc-erc-renewal",
      "trade-irc-registration",
      "wasa-application-tracking",
      "wasa-connection-enlargement",
      "wasa-line-shifting",
      "wasa-new-water-connection",
      "wasa-second-connection",
      "wasa-sewerage-connection",
      "wasa-temporary-connection",
      "women-assistance-programme",
      "women-child-daycare-benefit",
      "women-child-helpline-1098",
      "women-distressed-fund",
      "women-hostel-benefit",
      "women-hotline-109",
      "women-lactating-mothers-allowance",
      "women-ngo-registration",
      "women-one-stop-crisis-centre",
      "women-violence-prevention-cell"
    ],
    "global_blocked": false,
    "global_block_reason": "",
    "last_wave_result": "PASSED",
    "complete_count": 0,
    "partial_count": 379,
    "deferred_count": 0,
    "blocked_count": 0,
    "false_completion_count": 10,
    "updated_at": "2026-08-25T03:37:48.324025+00:00"
  },
  "global_blocked": false
}
